{
  "source": {
    "url": "http://rocketchat:3000",
    "user": "admin",
    "password": "password",
    "debug": "true",
    "alias": "alias-in-source"
  },
  "params": {
    "channel": "general",
    "message": "test message"
  }
}
